16-02-2026 16:15:32,563-06:00 [restartedMain] INFO  com.ebac.sprinboot.Contexto - Starting Contexto using Java 24.0.2 with PID 24180 (C:\Users\hcruiz\Downloads\Borrar\Como potenciar tu talento\JAVA\JAVA\mudulo62\sprinBoot\target\classes started by hcruiz in C:\Users\hcruiz\Downloads\Borrar\Como potenciar tu talento\JAVA\JAVA\mudulo62\sprinBoot)
16-02-2026 16:15:32,566-06:00 [restartedMain] INFO  com.ebac.sprinboot.Contexto - No active profile set, falling back to 1 default profile: "default"
16-02-2026 16:15:34,618-06:00 [restartedMain] ERROR o.s.o.j.LocalContainerEntityManagerFactoryBean - Failed to initialize JPA EntityManagerFactory: Property 'com.ebac.sprinboot.dto.Book.user' is not a collection and may not be a '@OneToMany', '@ManyToMany', or '@ElementCollection'
16-02-2026 16:15:34,649-06:00 [restartedMain] ERROR o.s.boot.SpringApplication - Application run failed
org.springframework.beans.factory.BeanCreationException: Error creating bean with name 'entityManagerFactory' defined in class path resource [org/springframework/boot/hibernate/autoconfigure/HibernateJpaConfiguration.class]: Property 'com.ebac.sprinboot.dto.Book.user' is not a collection and may not be a '@OneToMany', '@ManyToMany', or '@ElementCollection'
	at org.springframework.beans.factory.support.AbstractAutowireCapableBeanFactory.initializeBean(AbstractAutowireCapableBeanFactory.java:1817)
	at org.springframework.beans.factory.support.AbstractAutowireCapableBeanFactory.doCreateBean(AbstractAutowireCapableBeanFactory.java:603)
	at org.springframework.beans.factory.support.AbstractAutowireCapableBeanFactory.createBean(AbstractAutowireCapableBeanFactory.java:525)
	at org.springframework.beans.factory.support.AbstractBeanFactory.lambda$doGetBean$0(AbstractBeanFactory.java:333)
	at org.springframework.beans.factory.support.DefaultSingletonBeanRegistry.getSingleton(DefaultSingletonBeanRegistry.java:371)
	at org.springframework.beans.factory.support.AbstractBeanFactory.doGetBean(AbstractBeanFactory.java:331)
	at org.springframework.beans.factory.support.AbstractBeanFactory.getBean(AbstractBeanFactory.java:201)
	at org.springframework.context.support.AbstractApplicationContext.finishBeanFactoryInitialization(AbstractApplicationContext.java:976)
	at org.springframework.context.support.AbstractApplicationContext.refresh(AbstractApplicationContext.java:620)
	at org.springframework.boot.web.server.servlet.context.ServletWebServerApplicationContext.refresh(ServletWebServerApplicationContext.java:143)
	at org.springframework.boot.SpringApplication.refresh(SpringApplication.java:756)
	at org.springframework.boot.SpringApplication.refreshContext(SpringApplication.java:445)
	at org.springframework.boot.SpringApplication.run(SpringApplication.java:321)
	at org.springframework.boot.SpringApplication.run(SpringApplication.java:1365)
	at org.springframework.boot.SpringApplication.run(SpringApplication.java:1354)
	at com.ebac.sprinboot.Contexto.main(Contexto.java:10)
	at java.base/jdk.internal.reflect.DirectMethodHandleAccessor.invoke(DirectMethodHandleAccessor.java:104)
	at java.base/java.lang.reflect.Method.invoke(Method.java:565)
	at org.springframework.boot.devtools.restart.RestartLauncher.run(RestartLauncher.java:52)
Caused by: org.hibernate.AnnotationException: Property 'com.ebac.sprinboot.dto.Book.user' is not a collection and may not be a '@OneToMany', '@ManyToMany', or '@ElementCollection'
	at org.hibernate.boot.model.internal.CollectionBinder.determineSemanticJavaType(CollectionBinder.java:996)
	at org.hibernate.boot.model.internal.CollectionBinder.determineCollectionClassification(CollectionBinder.java:880)
	at org.hibernate.boot.model.internal.CollectionBinder.createBinderAutomatically(CollectionBinder.java:784)
	at org.hibernate.boot.model.internal.CollectionBinder.getCollectionBinder(CollectionBinder.java:778)
	at org.hibernate.boot.model.internal.CollectionBinder.bindCollection(CollectionBinder.java:225)
	at org.hibernate.boot.model.internal.PropertyBinder.bindProperty(PropertyBinder.java:895)
	at org.hibernate.boot.model.internal.PropertyBinder.buildProperty(PropertyBinder.java:792)
	at org.hibernate.boot.model.internal.PropertyBinder.processElementAnnotations(PropertyBinder.java:719)
	at org.hibernate.boot.model.internal.EntityBinder.processIdPropertiesIfNotAlready(EntityBinder.java:1072)
	at org.hibernate.boot.model.internal.EntityBinder.handleIdentifier(EntityBinder.java:380)
	at org.hibernate.boot.model.internal.EntityBinder.bindEntityClass(EntityBinder.java:217)
	at org.hibernate.boot.model.internal.AnnotationBinder.bindClass(AnnotationBinder.java:247)
	at org.hibernate.boot.model.source.internal.annotations.AnnotationMetadataSourceProcessorImpl.processEntityHierarchies(AnnotationMetadataSourceProcessorImpl.java:190)
	at org.hibernate.boot.model.process.spi.MetadataBuildingProcess$1.processEntityHierarchies(MetadataBuildingProcess.java:291)
	at org.hibernate.boot.model.process.spi.MetadataBuildingProcess.coordinateProcessors(MetadataBuildingProcess.java:325)
	at org.hibernate.boot.model.process.spi.MetadataBuildingProcess.complete(MetadataBuildingProcess.java:199)
	at org.hibernate.jpa.boot.internal.EntityManagerFactoryBuilderImpl.metadata(EntityManagerFactoryBuilderImpl.java:1392)
	at org.hibernate.jpa.boot.internal.EntityManagerFactoryBuilderImpl.populateSessionFactoryBuilder(EntityManagerFactoryBuilderImpl.java:1472)
	at org.hibernate.jpa.boot.internal.EntityManagerFactoryBuilderImpl.build(EntityManagerFactoryBuilderImpl.java:1454)
	at org.springframework.orm.jpa.vendor.SpringHibernateJpaPersistenceProvider.createContainerEntityManagerFactory(SpringHibernateJpaPersistenceProvider.java:66)
	at org.springframework.orm.jpa.LocalContainerEntityManagerFactoryBean.createNativeEntityManagerFactory(LocalContainerEntityManagerFactoryBean.java:433)
	at org.springframework.orm.jpa.AbstractEntityManagerFactoryBean.buildNativeEntityManagerFactory(AbstractEntityManagerFactoryBean.java:416)
	at org.springframework.orm.jpa.AbstractEntityManagerFactoryBean.afterPropertiesSet(AbstractEntityManagerFactoryBean.java:396)
	at org.springframework.orm.jpa.LocalContainerEntityManagerFactoryBean.afterPropertiesSet(LocalContainerEntityManagerFactoryBean.java:409)
	at org.springframework.beans.factory.support.AbstractAutowireCapableBeanFactory.invokeInitMethods(AbstractAutowireCapableBeanFactory.java:1864)
	at org.springframework.beans.factory.support.AbstractAutowireCapableBeanFactory.initializeBean(AbstractAutowireCapableBeanFactory.java:1813)
	... 18 common frames omitted
16-02-2026 16:19:18,147-06:00 [restartedMain] INFO  com.ebac.sprinboot.Contexto - Starting Contexto using Java 24.0.2 with PID 3156 (C:\Users\hcruiz\Downloads\Borrar\Como potenciar tu talento\JAVA\JAVA\mudulo62\sprinBoot\target\classes started by hcruiz in C:\Users\hcruiz\Downloads\Borrar\Como potenciar tu talento\JAVA\JAVA\mudulo62\sprinBoot)
16-02-2026 16:19:18,150-06:00 [restartedMain] INFO  com.ebac.sprinboot.Contexto - No active profile set, falling back to 1 default profile: "default"
16-02-2026 16:19:21,083-06:00 [restartedMain] INFO  com.ebac.sprinboot.Contexto - Started Contexto in 3.323 seconds (process running for 3.99)
16-02-2026 16:44:31,314-06:00 [restartedMain] INFO  com.ebac.sprinboot.Contexto - Starting Contexto using Java 24.0.2 with PID 4348 (C:\Users\hcruiz\Downloads\Borrar\Como potenciar tu talento\JAVA\JAVA\mudulo62\sprinBoot\target\classes started by hcruiz in C:\Users\hcruiz\Downloads\Borrar\Como potenciar tu talento\JAVA\JAVA\mudulo62\sprinBoot)
16-02-2026 16:44:31,316-06:00 [restartedMain] INFO  com.ebac.sprinboot.Contexto - No active profile set, falling back to 1 default profile: "default"
16-02-2026 16:44:34,892-06:00 [restartedMain] INFO  com.ebac.sprinboot.Contexto - Started Contexto in 4.021 seconds (process running for 4.94)
